Starting test session with MCP integration
============================= test session starts =============================
platform win32 -- Python 3.13.3, pytest-9.0.2, pluggy-1.6.0 -- C:\Python313\python.exe
cachedir: .pytest_cache
rootdir: C:\Users\bruno\Documents\programacion\Antigravity\srt2web
configfile: pytest.ini
plugins: anyio-4.12.1, mcp-0.1.0, typeguard-4.5.1
collecting ... collected 7 items

tests/unit/test_translator.py::TestTranslator::test_init PASSED          [ 14%]
tests/unit/test_translator.py::TestTranslator::test_start PASSED         [ 28%]
tests/unit/test_translator.py::TestTranslator::test_load_language_model_already_installed 
===== MCP Test Failure Registration =====
Test: test_load_language_model_already_installed
File: C:\Users\bruno\Documents\programacion\Antigravity\srt2web\tests\unit\test_translator.py
Line: 99
Error: No translation package found from 'es' to 'en'
[FAIL] Error connecting to MCP server at http://localhost:3000/api/failures: HTTPConnectionPool(host='localhost', port=3000): Max retries exceeded with url: /api/failures (Caused by NewConnectionError('<urllib3.connection.HTTPConnection object at 0x0000022DCC255400>: Failed to establish a new connection: [WinError 10061] No se puede establecer una conexi¾n ya que el equipo de destino deneg¾ expresamente dicha conexi¾n'))
[FAIL] Error connecting to MCP server at http://localhost:3001/mcp/failures: HTTPConnectionPool(host='localhost', port=3001): Max retries exceeded with url: /mcp/failures (Caused by NewConnectionError('<urllib3.connection.HTTPConnection object at 0x0000022DCC2BBD90>: Failed to establish a new connection: [WinError 10061] No se puede establecer una conexi¾n ya que el equipo de destino deneg¾ expresamente dicha conexi¾n'))
[WARN] Could not register failure with any MCP server endpoint
FAILED [ 42%]
tests/unit/test_translator.py::TestTranslator::test_load_language_model_not_installed 
===== MCP Test Failure Registration =====
Test: test_load_language_model_not_installed
File: C:\Users\bruno\Documents\programacion\Antigravity\srt2web\tests\unit\test_translator.py
Line: 99
Error: No translation package found from 'es' to 'en'
[FAIL] Error connecting to MCP server at http://localhost:3000/api/failures: HTTPConnectionPool(host='localhost', port=3000): Max retries exceeded with url: /api/failures (Caused by NewConnectionError('<urllib3.connection.HTTPConnection object at 0x0000022DCD4AC190>: Failed to establish a new connection: [WinError 10061] No se puede establecer una conexi¾n ya que el equipo de destino deneg¾ expresamente dicha conexi¾n'))
[FAIL] Error connecting to MCP server at http://localhost:3001/mcp/failures: HTTPConnectionPool(host='localhost', port=3001): Max retries exceeded with url: /mcp/failures (Caused by NewConnectionError('<urllib3.connection.HTTPConnection object at 0x0000022DCD49C9D0>: Failed to establish a new connection: [WinError 10061] No se puede establecer una conexi¾n ya que el equipo de destino deneg¾ expresamente dicha conexi¾n'))
[WARN] Could not register failure with any MCP server endpoint
FAILED [ 57%]
tests/unit/test_translator.py::TestTranslator::test_load_language_model_not_found PASSED [ 71%]
tests/unit/test_translator.py::TestTranslator::test_do_process PASSED    [ 85%]
tests/unit/test_translator.py::TestTranslator::test_do_process_no_transcript PASSED [100%]

================================== FAILURES ===================================
__________ TestTranslator.test_load_language_model_already_installed __________
tests\unit\test_translator.py:62: in test_load_language_model_already_installed
    translator._load_language_model()
modules\translator.py:100: in _load_language_model
    raise ValueError(f"No translation package found from '{self._source_lang}' to '{self._target_lang}'")
E   ValueError: No translation package found from 'es' to 'en'
____________ TestTranslator.test_load_language_model_not_installed ____________
tests\unit\test_translator.py:81: in test_load_language_model_not_installed
    translator._load_language_model()
modules\translator.py:100: in _load_language_model
    raise ValueError(f"No translation package found from '{self._source_lang}' to '{self._target_lang}'")
E   ValueError: No translation package found from 'es' to 'en'
=========================== short test summary info ===========================
FAILED tests/unit/test_translator.py::TestTranslator::test_load_language_model_already_installed - ValueError: No translation package found from 'es' to 'en'
FAILED tests/unit/test_translator.py::TestTranslator::test_load_language_model_not_installed - ValueError: No translation package found from 'es' to 'en'
======================== 2 failed, 5 passed in 16.64s =========================
